Microchip MPLAB XC8 Compiler V1.42 ()

Linker command line:

-W-3 --edf=C:\Program Files (x86)\Microchip\xc8\v1.42\dat\en_msgs.txt -cs \
  -h+dist/default/production\remote.X.production.sym \
  --cmf=dist/default/production\remote.X.production.cmf -z -Q18F46K22 \
  -oC:\Users\Lecoq\AppData\Local\Temp\sbe8.2 \
  -Mdist/default/production/remote.X.production.map -E1 -ver=XC8 \
  -ASTACK=069h-0f37h -pstack=STACK -ACODE=00h-0FFFFh -ACONST=00h-0FFFFh \
  -ASMALLCONST=01000h-010FFhx240 -AMEDIUMCONST=01000h-0FFFFh \
  -ACOMRAM=01h-05Fh -AABS1=00h-0F37h -ABIGRAM=01h-0F37h \
  -ARAM=060h-0FFh,0100h-01FFhx14,0F00h-0F37h -ABANK0=060h-0FFh \
  -ABANK1=0100h-01FFh -ABANK2=0200h-02FFh -ABANK3=0300h-03FFh \
  -ABANK4=0400h-04FFh -ABANK5=0500h-05FFh -ABANK6=0600h-06FFh \
  -ABANK7=0700h-07FFh -ABANK8=0800h-08FFh -ABANK9=0900h-09FFh \
  -ABANK10=0A00h-0AFFh -ABANK11=0B00h-0BFFh -ABANK12=0C00h-0CFFh \
  -ABANK13=0D00h-0DFFh -ABANK14=0E00h-0EFFh -ABANK15=0F00h-0F37h \
  -ASFR=0F38h-0F5Fh,0F60h-0FFFh \
  -preset_vec=00h,intcode=08h,intcodelo,powerup,init -pramtop=01000h \
  -psmallconst=SMALLCONST -pmediumconst=MEDIUMCONST -pconst=CONST \
  -AFARRAM=00h-00h -ACONFIG=0300000h-030000Dh -pconfig=CONFIG \
  -AIDLOC=0200000h-0200007h -pidloc=IDLOC -AEEDATA=0F00000h-0F003FFh \
  -peeprom_data=EEDATA \
  -prdata=COMRAM,nvrram=COMRAM,nvbit=COMRAM,rbss=COMRAM,rbit=COMRAM \
  -pfarbss=FARRAM,fardata=FARRAM,nvFARRAM=FARRAM \
  -pintsave_regs=BIGRAM,bigbss=BIGRAM,bigdata=BIGRAM -pbss=RAM \
  -pidata=CODE,irdata=CODE,ibigdata=CODE,ifardata=CODE -prparam=COMRAM \
  C:\Users\Lecoq\AppData\Local\Temp\sbe8.obj \
  dist/default/production\remote.X.production.obj 

Object code version is 3.11

Machine type is 18F46K22

Call graph: (short form)




                Name                               Link     Load   Length Selector   Space Scale
C:\Users\Lecoq\AppData\Local\Temp\sbe8.obj
                init                                 DC       DC        4        4       0
                reset_vec                             0        0        4        0       0
                idloc                            200000   200000        8   200000       0
                config                           300000   300000        E   300000       0
dist/default/production\remote.X.production.obj
                intcode                               8        8       D4        4       0
                temp                                 39       39        1        1       1
                smallconst                         1000     1000       1E      800       0
                text31                             174E     174E       30      80F       0
                text30                             1848     1848       12      80F       0
                text29                             1634     1634       44      80F       0
                text28                             17F8     17F8       1A      80F       0
                text27                             16B2     16B2       3A      80F       0
                text26                             1836     1836       12      80F       0
                text25                             137C     137C       80      80F       0
                text24                             1278     1278       84      80F       0
                text23                             146C     146C       70      80F       0
                text22                             15A2     15A2       4E      80F       0
                text21                             186A     186A       10      80F       0
                text20                             187A     187A        C      80F       0
                text19                             17C2     17C2       1C      80F       0
                text18                             101E     101E       EE      80F       0
                text17                             1886     1886        A      80F       0
                text15                             171E     171E       30      80F       0
                text14                             1824     1824       12      80F       0
                text13                             15F0     15F0       44      80F       0
                text12                             17DE     17DE       1A      80F       0
                text11                             17A2     17A2       20      80F       0
                text10                             110C     110C       E8      80F       0
                text9                              1678     1678       3A      80F       0
                text8                              1812     1812       12      80F       0
                text7                              12FC     12FC       80      80F       0
                text6                              11F4     11F4       84      80F       0
                text5                              13FC     13FC       70      80F       0
                text4                              154A     154A       58      80F       0
                text3                              185A     185A       10      80F       0
                text2                              177E     177E       24      80F       0
                text1                              14DC     14DC       6E      80F       0
                text0                              1890     1890        6      80F       0
                cstackCOMRAM                          1        1       32        1       1
                cstackBANK0                          60       60        9       60       1
                dataCOMRAM                           33       33        4        1       1
                bssCOMRAM                            37       37        2        1       1
                cinit                              16EC     16EC       32      80F       0
                idataCOMRAM                        1896     1896        4      80F       0

TOTAL           Name                               Link     Load   Length     Space
        CLASS   STACK          

        CLASS   CODE           
                intcode                               8        8       D4         0
                init                                 DC       DC        4         0
                reset_vec                             0        0        4         0
                text31                             174E     174E       30         0
                text30                             1848     1848       12         0
                text29                             1634     1634       44         0
                text28                             17F8     17F8       1A         0
                text27                             16B2     16B2       3A         0
                text26                             1836     1836       12         0
                text25                             137C     137C       80         0
                text24                             1278     1278       84         0
                text23                             146C     146C       70         0
                text22                             15A2     15A2       4E         0
                text21                             186A     186A       10         0
                text20                             187A     187A        C         0
                text19                             17C2     17C2       1C         0
                text18                             101E     101E       EE         0
                text17                             1886     1886        A         0
                text15                             171E     171E       30         0
                text14                             1824     1824       12         0
                text13                             15F0     15F0       44         0
                text12                             17DE     17DE       1A         0
                text11                             17A2     17A2       20         0
                text10                             110C     110C       E8         0
                text9                              1678     1678       3A         0
                text8                              1812     1812       12         0
                text7                              12FC     12FC       80         0
                text6                              11F4     11F4       84         0
                text5                              13FC     13FC       70         0
                text4                              154A     154A       58         0
                text3                              185A     185A       10         0
                text2                              177E     177E       24         0
                text1                              14DC     14DC       6E         0
                text0                              1890     1890        6         0
                cinit                              16EC     16EC       32         0
                idataCOMRAM                        1896     1896        4         0

        CLASS   CONST          

        CLASS   SMALLCONST     
                smallconst                         1000     1000       1E         0

        CLASS   MEDIUMCONST    

        CLASS   COMRAM         
                temp                                 39       39        1         1
                cstackCOMRAM                          1        1       32         1
                dataCOMRAM                           33       33        4         1
                bssCOMRAM                            37       37        2         1

        CLASS   ABS1           

        CLASS   BIGRAM         

        CLASS   RAM            

        CLASS   BANK0          
                cstackBANK0                          60       60        9         1

        CLASS   BANK1          

        CLASS   BANK2          

        CLASS   BANK3          

        CLASS   BANK4          

        CLASS   BANK5          

        CLASS   BANK6          

        CLASS   BANK7          

        CLASS   BANK8          

        CLASS   BANK9          

        CLASS   BANK10         

        CLASS   BANK11         

        CLASS   BANK12         

        CLASS   BANK13         

        CLASS   BANK14         

        CLASS   BANK15         

        CLASS   SFR            

        CLASS   FARRAM         

        CLASS   CONFIG         
                config                           300000   300000        E         0

        CLASS   IDLOC          
                idloc                            200000   200000        8         0

        CLASS   EEDATA         



SEGMENTS        Name                           Load    Length   Top    Selector   Space  Class

                reset_vec                      000000  000004  000004         0       0  CODE    
                cstackCOMRAM                   000001  000039  00003A         1       1  COMRAM  
                intcode                        000008  0000D8  0000E0         4       0  CODE    
                cstackBANK0                    000060  000009  000069        60       1  BANK0   
                smallconst                     001000  00001E  00101E       800       0  SMALLCON
                text18                         00101E  00087C  00189A       80F       0  CODE    
                idloc                          200000  000008  200008    200000       0  IDLOC   
                config                         300000  00000E  30000E    300000       0  CONFIG  


UNUSED ADDRESS RANGES

        Name                Unused          Largest block    Delta
        BANK0            000069-0000FF               97
        BANK1            000100-0001FF              100
        BANK10           000A00-000AFF              100
        BANK11           000B00-000BFF              100
        BANK12           000C00-000CFF              100
        BANK13           000D00-000DFF              100
        BANK14           000E00-000EFF              100
        BANK15           000F00-000F37               38
        BANK2            000200-0002FF              100
        BANK3            000300-0003FF              100
        BANK4            000400-0004FF              100
        BANK5            000500-0005FF              100
        BANK6            000600-0006FF              100
        BANK7            000700-0007FF              100
        BANK8            000800-0008FF              100
        BANK9            000900-0009FF              100
        BIGRAM           00003A-00005F               26
                         000069-000F37              ECF
        CODE             000004-000007                4
                         0000E0-000FFF              F20
                         00189A-00FFFF             E766
        COMRAM           00003A-00005F               26
        CONST            000004-000007                4
                         0000E0-000FFF              F20
                         00189A-00FFFF             E766
        EEDATA           F00000-F003FF              400
        MEDIUMCONST      00189A-00FFFF             E766
        RAM              000069-000F37              100
        SFR              000F38-000FFF               28
        SMALLCONST       00189A-00FFFF              100
        STACK            000069-000F37              ECF

                                  Symbol Table

?___awdiv                cstackCOMRAM 000026
?___awmod                cstackCOMRAM 000026
?i2___awdiv              cstackCOMRAM 000007
?i2___awmod              cstackCOMRAM 000001
ISR@i                    cstackCOMRAM 000024
LCDGoto@column           cstackCOMRAM 000030
LCDGoto@row              cstackCOMRAM 00002B
LCDPutChar@data          cstackCOMRAM 00002B
LCDWriteInt@column       cstackBANK0  000060
LCDWriteInt@row          cstackCOMRAM 000031
LCDWriteInt@string       cstackBANK0  000061
LCDWriteInt@value        cstackCOMRAM 000032
LCDWriteStr@i            cstackCOMRAM 000030
LCDWriteStr@string       cstackCOMRAM 00002C
ReadByte@status          cstackCOMRAM 000026
WaitLCD@status           cstackCOMRAM 000027
WriteByte@cmd            cstackCOMRAM 00002A
WriteByte@data           cstackCOMRAM 000029
WriteNibble@cmd          cstackCOMRAM 000028
WriteNibble@data         cstackCOMRAM 000026
_ANSELBbits              (abs)        000F39
_CCP1CONbits             (abs)        000FBD
_CCPR1Lbits              (abs)        000FBE
_INTCON2bits             (abs)        000FF1
_INTCON3bits             (abs)        000FF0
_INTCONbits              (abs)        000FF2
_ISR                     intcode      000008
_LATBbits                (abs)        000F8A
_LATCbits                (abs)        000F8B
_LATD                    (abs)        000F8C
_LATDbits                (abs)        000F8C
_LCDClear                text11       0017A2
_LCDGoto                 text9        001678
_LCDGoto$669             cstackCOMRAM 00002E
_LCDInit                 text10       00110C
_LCDPutChar              text8        001812
_LCDWriteInt             text4        00154A
_LCDWriteStr             text7        0012FC
_PORTD                   (abs)        000F83
_PR2bits                 (abs)        000FBB
_ReadByte                text15       00171E
_T2CONbits               (abs)        000FBA
_TRISBbits               (abs)        000F93
_TRISCbits               (abs)        000F94
_TRISDbits               (abs)        000F95
_WaitLCD                 text14       001824
_WriteByte               text12       0017DE
_WriteNibble             text13       0015F0
__CFG_BOREN$SBORDIS      (abs)        000000
__CFG_BORV$190           (abs)        000000
__CFG_CCP2MX$PORTC1      (abs)        000000
__CFG_CCP3MX$PORTB5      (abs)        000000
__CFG_CP0$ON             (abs)        000000
__CFG_CP1$ON             (abs)        000000
__CFG_CP2$ON             (abs)        000000
__CFG_CP3$ON             (abs)        000000
__CFG_CPB$ON             (abs)        000000
__CFG_CPD$ON             (abs)        000000
__CFG_EBTR0$ON           (abs)        000000
__CFG_EBTR1$ON           (abs)        000000
__CFG_EBTR2$ON           (abs)        000000
__CFG_EBTR3$ON           (abs)        000000
__CFG_EBTRB$ON           (abs)        000000
__CFG_FCMEN$OFF          (abs)        000000
__CFG_FOSC$INTIO7        (abs)        000000
__CFG_HFOFST$ON          (abs)        000000
__CFG_IESO$OFF           (abs)        000000
__CFG_LVP$OFF            (abs)        000000
__CFG_MCLRE$EXTMCLR      (abs)        000000
__CFG_P2BMX$PORTD2       (abs)        000000
__CFG_PBADEN$ON          (abs)        000000
__CFG_PLLCFG$OFF         (abs)        000000
__CFG_PRICLKEN$ON        (abs)        000000
__CFG_PWRTEN$ON          (abs)        000000
__CFG_STVREN$ON          (abs)        000000
__CFG_T3CMX$PORTC0       (abs)        000000
__CFG_WDTEN$OFF          (abs)        000000
__CFG_WDTPS$32768        (abs)        000000
__CFG_WRT0$ON            (abs)        000000
__CFG_WRT1$ON            (abs)        000000
__CFG_WRT2$ON            (abs)        000000
__CFG_WRT3$ON            (abs)        000000
__CFG_WRTB$ON            (abs)        000000
__CFG_WRTC$ON            (abs)        000000
__CFG_WRTD$ON            (abs)        000000
__CFG_XINST$OFF          (abs)        000000
__HRAM                   (abs)        000000
__Habs1                  abs1         000000
__Hbank0                 bank0        000000
__Hbank1                 bank1        000000
__Hbank10                bank10       000000
__Hbank11                bank11       000000
__Hbank12                bank12       000000
__Hbank13                bank13       000000
__Hbank14                bank14       000000
__Hbank15                bank15       000000
__Hbank2                 bank2        000000
__Hbank3                 bank3        000000
__Hbank4                 bank4        000000
__Hbank5                 bank5        000000
__Hbank6                 bank6        000000
__Hbank7                 bank7        000000
__Hbank8                 bank8        000000
__Hbank9                 bank9        000000
__Hbigbss                bigbss       000000
__Hbigdata               bigdata      000000
__Hbigram                bigram       000000
__Hbss                   bss          000000
__HbssCOMRAM             bssCOMRAM    000000
__Hcinit                 cinit        000000
__Hclrtext               clrtext      000000
__Hcomram                comram       000000
__Hconfig                config       30000E
__Hconst                 const        000000
__HcstackBANK0           cstackBANK0  000000
__HcstackCOMRAM          cstackCOMRAM 000000
__Hdata                  data         000000
__HdataCOMRAM            dataCOMRAM   000000
__Heeprom_data           eeprom_data  000000
__Hfarbss                farbss       000000
__Hfardata               fardata      000000
__Hibigdata              ibigdata     000000
__Hidata                 idata        000000
__HidataCOMRAM           idataCOMRAM  000000
__Hidloc                 idloc        200008
__Hifardata              ifardata     000000
__Hinit                  init         0000E0
__Hintcode               intcode      0000DC
__Hintcode_body          intcode_body 000000
__Hintcodelo             intcodelo    0000DC
__Hintentry              intentry     000000
__Hintret                intret       000000
__Hintsave_regs          intsave_regs 000000
__Hirdata                irdata       000000
__Hmediumconst           mediumconst  000000
__HnvFARRAM              nvFARRAM     000000
__Hnvbit                 nvbit        000000
__Hnvrram                nvrram       000000
__Hparam                 rparam       000000
__Hpowerup               powerup      0000DC
__Hram                   ram          000000
__Hramtop                ramtop       001000
__Hrbit                  rbit         000000
__Hrbss                  rbss         000000
__Hrdata                 rdata        000000
__Hreset_vec             reset_vec    000004
__Hrparam                rparam       000000
__Hsfr                   sfr          000000
__Hsmallconst            smallconst   00101E
__Hspace_0               (abs)        30000E
__Hspace_1               (abs)        000069
__Hspace_2               (abs)        000000
__Hstack                 stack        000000
__Hstruct                struct       000000
__Htemp                  temp         00003A
__Htext                  text         000000
__Htext0                 text0        000000
__Htext1                 text1        000000
__Htext10                text10       000000
__Htext11                text11       000000
__Htext12                text12       000000
__Htext13                text13       000000
__Htext14                text14       000000
__Htext15                text15       000000
__Htext17                text17       000000
__Htext18                text18       000000
__Htext19                text19       000000
__Htext2                 text2        000000
__Htext20                text20       000000
__Htext21                text21       000000
__Htext22                text22       000000
__Htext23                text23       000000
__Htext24                text24       000000
__Htext25                text25       000000
__Htext26                text26       000000
__Htext27                text27       000000
__Htext28                text28       000000
__Htext29                text29       000000
__Htext3                 text3        000000
__Htext30                text30       000000
__Htext31                text31       000000
__Htext4                 text4        000000
__Htext5                 text5        000000
__Htext6                 text6        000000
__Htext7                 text7        000000
__Htext8                 text8        000000
__Htext9                 text9        000000
__LRAM                   (abs)        000001
__Labs1                  abs1         000000
__Lbank0                 bank0        000000
__Lbank1                 bank1        000000
__Lbank10                bank10       000000
__Lbank11                bank11       000000
__Lbank12                bank12       000000
__Lbank13                bank13       000000
__Lbank14                bank14       000000
__Lbank15                bank15       000000
__Lbank2                 bank2        000000
__Lbank3                 bank3        000000
__Lbank4                 bank4        000000
__Lbank5                 bank5        000000
__Lbank6                 bank6        000000
__Lbank7                 bank7        000000
__Lbank8                 bank8        000000
__Lbank9                 bank9        000000
__Lbigbss                bigbss       000000
__Lbigdata               bigdata      000000
__Lbigram                bigram       000000
__Lbss                   bss          000000
__LbssCOMRAM             bssCOMRAM    000000
__Lcinit                 cinit        000000
__Lclrtext               clrtext      000000
__Lcomram                comram       000000
__Lconfig                config       300000
__Lconst                 const        000000
__LcstackBANK0           cstackBANK0  000000
__LcstackCOMRAM          cstackCOMRAM 000000
__Ldata                  data         000000
__LdataCOMRAM            dataCOMRAM   000000
__Leeprom_data           eeprom_data  000000
__Lfarbss                farbss       000000
__Lfardata               fardata      000000
__Libigdata              ibigdata     000000
__Lidata                 idata        000000
__LidataCOMRAM           idataCOMRAM  000000
__Lidloc                 idloc        200000
__Lifardata              ifardata     000000
__Linit                  init         0000DC
__Lintcode               intcode      000008
__Lintcode_body          intcode_body 000000
__Lintcodelo             intcodelo    0000DC
__Lintentry              intentry     000000
__Lintret                intret       000000
__Lintsave_regs          intsave_regs 000000
__Lirdata                irdata       000000
__Lmediumconst           mediumconst  000000
__LnvFARRAM              nvFARRAM     000000
__Lnvbit                 nvbit        000000
__Lnvrram                nvrram       000000
__Lparam                 rparam       000000
__Lpowerup               powerup      0000DC
__Lram                   ram          000000
__Lramtop                ramtop       001000
__Lrbit                  rbit         000000
__Lrbss                  rbss         000000
__Lrdata                 rdata        000000
__Lreset_vec             reset_vec    000000
__Lrparam                rparam       000000
__Lsfr                   sfr          000000
__Lsmallconst            smallconst   001000
__Lspace_0               (abs)        000000
__Lspace_1               (abs)        000000
__Lspace_2               (abs)        000000
__Lstack                 stack        000000
__Lstruct                struct       000000
__Ltemp                  temp         000039
__Ltext                  text         000000
__Ltext0                 text0        000000
__Ltext1                 text1        000000
__Ltext10                text10       000000
__Ltext11                text11       000000
__Ltext12                text12       000000
__Ltext13                text13       000000
__Ltext14                text14       000000
__Ltext15                text15       000000
__Ltext17                text17       000000
__Ltext18                text18       000000
__Ltext19                text19       000000
__Ltext2                 text2        000000
__Ltext20                text20       000000
__Ltext21                text21       000000
__Ltext22                text22       000000
__Ltext23                text23       000000
__Ltext24                text24       000000
__Ltext25                text25       000000
__Ltext26                text26       000000
__Ltext27                text27       000000
__Ltext28                text28       000000
__Ltext29                text29       000000
__Ltext3                 text3        000000
__Ltext30                text30       000000
__Ltext31                text31       000000
__Ltext4                 text4        000000
__Ltext5                 text5        000000
__Ltext6                 text6        000000
__Ltext7                 text7        000000
__Ltext8                 text8        000000
__Ltext9                 text9        000000
__S0                     (abs)        30000E
__S1                     (abs)        000069
__S2                     (abs)        000000
___awdiv                 text6        0011F4
___awdiv@counter         cstackCOMRAM 00002A
___awdiv@dividend        cstackCOMRAM 000026
___awdiv@divisor         cstackCOMRAM 000028
___awdiv@quotient        cstackCOMRAM 00002C
___awdiv@sign            cstackCOMRAM 00002B
___awmod                 text5        0013FC
___awmod@counter         cstackCOMRAM 00002A
___awmod@dividend        cstackCOMRAM 000026
___awmod@divisor         cstackCOMRAM 000028
___awmod@sign            cstackCOMRAM 00002B
___inthi_sp              stack        000000
___intlo_sp              stack        000000
___param_bank            (abs)        000000
___rparam_used           (abs)        000001
___sp                    stack        000000
__accesstop              (abs)        000060
__activetblptr           (abs)        000002
__end_of_ISR             intcode      0000DC
__end_of_LCDClear        text11       0017C2
__end_of_LCDGoto         text9        0016B2
__end_of_LCDInit         text10       0011F4
__end_of_LCDPutChar      text8        001824
__end_of_LCDWriteInt     text4        0015A2
__end_of_LCDWriteStr     text7        00137C
__end_of_ReadByte        text15       00174E
__end_of_WaitLCD         text14       001836
__end_of_WriteByte       text12       0017F8
__end_of_WriteNibble     text13       001634
__end_of___awdiv         text6        001278
__end_of___awmod         text5        00146C
__end_of__initialization cinit        001710
__end_of_flashlight      text19       0017DE
__end_of_init_debug      text2        0017A2
__end_of_main            text0        001896
__end_of_pedometer       text20       001886
__end_of_searched        text18       00110C
__end_of_setup           text1        00154A
__end_of_show_debug      text3        00186A
__end_of_synchronize     text17       001890
__end_ofi2_LCDGoto       text27       0016EC
__end_ofi2_LCDPutChar    text26       001848
__end_ofi2_LCDWriteInt   text22       0015F0
__end_ofi2_LCDWriteStr   text25       0013FC
__end_ofi2_ReadByte      text31       00177E
__end_ofi2_WaitLCD       text30       00185A
__end_ofi2_WriteByte     text28       001812
__end_ofi2_WriteNibble   text29       001678
__end_ofi2___awdiv       text24       0012FC
__end_ofi2___awmod       text23       0014DC
__end_ofi2_show_debug    text21       00187A
__initialization         cinit        0016EC
__mediumconst            mediumconst  000000
__pbssCOMRAM             bssCOMRAM    000037
__pcinit                 cinit        0016EC
__pcstackBANK0           cstackBANK0  000060
__pcstackCOMRAM          cstackCOMRAM 000001
__pdataCOMRAM            dataCOMRAM   000033
__pidataCOMRAM           idataCOMRAM  001896
__pintcode               intcode      000008
__psmallconst            smallconst   001000
__ptext0                 text0        001890
__ptext1                 text1        0014DC
__ptext10                text10       00110C
__ptext11                text11       0017A2
__ptext12                text12       0017DE
__ptext13                text13       0015F0
__ptext14                text14       001824
__ptext15                text15       00171E
__ptext17                text17       001886
__ptext18                text18       00101E
__ptext19                text19       0017C2
__ptext2                 text2        00177E
__ptext20                text20       00187A
__ptext21                text21       00186A
__ptext22                text22       0015A2
__ptext23                text23       00146C
__ptext24                text24       001278
__ptext25                text25       00137C
__ptext26                text26       001836
__ptext27                text27       0016B2
__ptext28                text28       0017F8
__ptext29                text29       001634
__ptext3                 text3        00185A
__ptext30                text30       001848
__ptext31                text31       00174E
__ptext4                 text4        00154A
__ptext5                 text5        0013FC
__ptext6                 text6        0011F4
__ptext7                 text7        0012FC
__ptext8                 text8        001812
__ptext9                 text9        001678
__ramtop                 ramtop       001000
__size_of_ISR            (abs)        000000
__size_of_LCDClear       (abs)        000000
__size_of_LCDGoto        (abs)        000000
__size_of_LCDInit        (abs)        000000
__size_of_LCDPutChar     (abs)        000000
__size_of_LCDWriteInt    (abs)        000000
__size_of_LCDWriteStr    (abs)        000000
__size_of_ReadByte       (abs)        000000
__size_of_WaitLCD        (abs)        000000
__size_of_WriteByte      (abs)        000000
__size_of_WriteNibble    (abs)        000000
__size_of___awdiv        (abs)        000000
__size_of___awmod        (abs)        000000
__size_of_flashlight     (abs)        000000
__size_of_init_debug     (abs)        000000
__size_of_main           (abs)        000000
__size_of_pedometer      (abs)        000000
__size_of_searched       (abs)        000000
__size_of_setup          (abs)        000000
__size_of_show_debug     (abs)        000000
__size_of_synchronize    (abs)        000000
__size_ofi2_LCDGoto      (abs)        000000
__size_ofi2_LCDPutChar   (abs)        000000
__size_ofi2_LCDWriteInt  (abs)        000000
__size_ofi2_LCDWriteStr  (abs)        000000
__size_ofi2_ReadByte     (abs)        000000
__size_ofi2_WaitLCD      (abs)        000000
__size_ofi2_WriteByte    (abs)        000000
__size_ofi2_WriteNibble  (abs)        000000
__size_ofi2___awdiv      (abs)        000000
__size_ofi2___awmod      (abs)        000000
__size_ofi2_show_debug   (abs)        000000
__smallconst             smallconst   001000
_flashlight              text19       0017C2
_init_debug              text2        00177E
_kiwi_frequence          dataCOMRAM   000033
_kiwi_length             dataCOMRAM   000036
_main                    text0        001890
_pedometer               text20       00187A
_searched                text18       00101E
_setup                   text1        0014DC
_show_debug              text3        00185A
_steps                   bssCOMRAM    000037
_synchronize             text17       001886
btemp                    temp         000039
end_of_initialization    cinit        001710
i2LCDGoto@column         cstackCOMRAM 00000B
i2LCDGoto@row            cstackCOMRAM 000006
i2LCDPutChar@data        cstackCOMRAM 000006
i2LCDWriteInt@column     cstackCOMRAM 000014
i2LCDWriteInt@row        cstackCOMRAM 00000F
i2LCDWriteInt@string     cstackCOMRAM 000011
i2LCDWriteInt@value      cstackCOMRAM 000010
i2LCDWriteStr@i          cstackCOMRAM 00000B
i2LCDWriteStr@string     cstackCOMRAM 000007
i2ReadByte@status        cstackCOMRAM 000001
i2WaitLCD@status         cstackCOMRAM 000002
i2WriteByte@cmd          cstackCOMRAM 000005
i2WriteByte@data         cstackCOMRAM 000004
i2WriteNibble@cmd        cstackCOMRAM 000003
i2WriteNibble@data       cstackCOMRAM 000001
i2_LCDGoto               text27       0016B2
i2_LCDGoto$669           cstackCOMRAM 000009
i2_LCDPutChar            text26       001836
i2_LCDWriteInt           text22       0015A2
i2_LCDWriteStr           text25       00137C
i2_ReadByte              text31       00174E
i2_WaitLCD               text30       001848
i2_WriteByte             text28       0017F8
i2_WriteNibble           text29       001634
i2___awdiv               text24       001278
i2___awdiv@counter       cstackCOMRAM 00000B
i2___awdiv@dividend      cstackCOMRAM 000007
i2___awdiv@divisor       cstackCOMRAM 000009
i2___awdiv@quotient      cstackCOMRAM 00000D
i2___awdiv@sign          cstackCOMRAM 00000C
i2___awmod               text23       00146C
i2___awmod@counter       cstackCOMRAM 000005
i2___awmod@dividend      cstackCOMRAM 000001
i2___awmod@divisor       cstackCOMRAM 000003
i2___awmod@sign          cstackCOMRAM 000006
i2_show_debug            text21       00186A
int$flags                temp         000039
intlevel0                text         000000
intlevel1                text         000000
intlevel2                text         000000
intlevel3                text         000000
searched@i               cstackCOMRAM 000013
searched@time            cstackCOMRAM 000011
stackhi                  (abs)        000F37
stacklo                  (abs)        000069
start                    init         0000DC
start_initialization     cinit        0016EC


FUNCTION INFORMATION:

 *************** function _main *****************
 Defined at:
		line 235 in file "main.c"
 Parameters:    Size  Location     Type
  argc            2    4[BANK0 ] int 
  argv            3    6[BANK0 ] PTR PTR unsigned char 
 Auto vars:     Size  Location     Type
		None
 Return value:  Size  Location     Type
                  2    4[BANK0 ] int 
 Registers used:
		wreg, fsr0l, fsr0h, status,2, status,0, tblptrl, tblptrh, tblptru, prodl, prodh, cstack
 Tracked objects:
		On entry : 
		On exit  : 
		Unchanged: 
 Data sizes:     COMRAM   BANK0   BANK1   BANK2   BANK3   BANK4   BANK5   BANK6   BANK7   BANK8   BANK9  BANK10  BANK11  BANK12  BANK13  BANK14  BANK15
      Params:         0       5       0       0       0       0       0       0       0       0       0       0       0       0       0       0       0
      Locals:         0       0       0       0       0       0       0       0       0       0       0       0       0       0       0       0       0
      Temps:          0       0       0       0       0       0       0       0       0       0       0       0       0       0       0       0       0
      Totals:         0       5       0       0       0       0       0       0       0       0       0       0       0       0       0       0       0
Total ram usage:        5 bytes
 Hardware stack levels required when called:   16
 This function calls:
		_setup
 This function is called by:
		Startup code after reset
 This function uses a non-reentrant model


 *************** function _setup *****************
 Defined at:
		line 89 in file "main.c"
 Parameters:    Size  Location     Type
		None
 Auto vars:     Size  Location     Type
		None
 Return value:  Size  Location     Type
                  1    wreg      void 
 Registers used:
		wreg, fsr0l, fsr0h, status,2, status,0, tblptrl, tblptrh, tblptru, prodl, prodh, cstack
 Tracked objects:
		On entry : 
		On exit  : 
		Unchanged: 
 Data sizes:     COMRAM   BANK0   BANK1   BANK2   BANK3   BANK4   BANK5   BANK6   BANK7   BANK8   BANK9  BANK10  BANK11  BANK12  BANK13  BANK14  BANK15
      Params:         0       0       0       0       0       0       0       0       0       0       0       0       0       0       0       0       0
      Locals:         0       0       0       0       0       0       0       0       0       0       0       0       0       0       0       0       0
      Temps:          0       0       0       0       0       0       0       0       0       0       0       0       0       0       0       0       0
      Totals:         0       0       0       0       0       0       0       0       0       0       0       0       0       0       0       0       0
Total ram usage:        0 bytes
 Hardware stack levels used:    1
 Hardware stack levels required when called:   15
 This function calls:
		_init_debug
 This function is called by:
		_main
 This function uses a non-reentrant model


 *************** function _init_debug *****************
 Defined at:
		line 80 in file "main.c"
 Parameters:    Size  Location     Type
		None
 Auto vars:     Size  Location     Type
		None
 Return value:  Size  Location     Type
                  1    wreg      void 
 Registers used:
		wreg, fsr0l, fsr0h, status,2, status,0, tblptrl, tblptrh, tblptru, prodl, prodh, cstack
 Tracked objects:
		On entry : 
		On exit  : 
		Unchanged: 
 Data sizes:     COMRAM   BANK0   BANK1   BANK2   BANK3   BANK4   BANK5   BANK6   BANK7   BANK8   BANK9  BANK10  BANK11  BANK12  BANK13  BANK14  BANK15
      Params:         0       0       0       0       0       0       0       0       0       0       0       0       0       0       0       0       0
      Locals:         0       0       0       0       0       0       0       0       0       0       0       0       0       0       0       0       0
      Temps:          0       0       0       0       0       0       0       0       0       0       0       0       0       0       0       0       0
      Totals:         0       0       0       0       0       0       0       0       0       0       0       0       0       0       0       0       0
Total ram usage:        0 bytes
 Hardware stack levels used:    1
 Hardware stack levels required when called:   14
 This function calls:
		_LCDClear
		_LCDGoto
		_LCDInit
		_LCDWriteStr
		_show_debug
 This function is called by:
		_setup
 This function uses a non-reentrant model


 *************** function _show_debug *****************
 Defined at:
		line 75 in file "main.c"
 Parameters:    Size  Location     Type
		None
 Auto vars:     Size  Location     Type
		None
 Return value:  Size  Location     Type
                  1    wreg      void 
 Registers used:
		wreg, fsr0l, fsr0h, status,2, status,0, tblptrl, tblptrh, tblptru, prodl, prodh, cstack
 Tracked objects:
		On entry : 
		On exit  : 
		Unchanged: 
 Data sizes:     COMRAM   BANK0   BANK1   BANK2   BANK3   BANK4   BANK5   BANK6   BANK7   BANK8   BANK9  BANK10  BANK11  BANK12  BANK13  BANK14  BANK15
      Params:         0       0       0       0       0       0       0       0       0       0       0       0       0       0       0       0       0
      Locals:         0       0       0       0       0       0       0       0       0       0       0       0       0       0       0       0       0
      Temps:          0       0       0       0       0       0       0       0       0       0       0       0       0       0       0       0       0
      Totals:         0       0       0       0       0       0       0       0       0       0       0       0       0       0       0       0       0
Total ram usage:        0 bytes
 Hardware stack levels used:    1
 Hardware stack levels required when called:   13
 This function calls:
		_LCDWriteInt
 This function is called by:
		_init_debug
 This function uses a non-reentrant model


 *************** function _LCDWriteInt *****************
 Defined at:
		line 229 in file "lcd.c"
 Parameters:    Size  Location     Type
  column          1    wreg     unsigned char 
  row             1   48[COMRAM] unsigned char 
  value           1   49[COMRAM] unsigned char 
 Auto vars:     Size  Location     Type
  column          1    0[BANK0 ] unsigned char 
  string          3    1[BANK0 ] unsigned char [3]
 Return value:  Size  Location     Type
                  1    wreg      void 
 Registers used:
		wreg, fsr0l, fsr0h, status,2, status,0, tblptrl, tblptrh, tblptru, prodl, prodh, cstack
 Tracked objects:
		On entry : 
		On exit  : 
		Unchanged: 
 Data sizes:     COMRAM   BANK0   BANK1   BANK2   BANK3   BANK4   BANK5   BANK6   BANK7   BANK8   BANK9  BANK10  BANK11  BANK12  BANK13  BANK14  BANK15
      Params:         2       0       0       0       0       0       0       0       0       0       0       0       0       0       0       0       0
      Locals:         0       4       0       0       0       0       0       0       0       0       0       0       0       0       0       0       0
      Temps:          0       0       0       0       0       0       0       0       0       0       0       0       0       0       0       0       0
      Totals:         2       4       0       0       0       0       0       0       0       0       0       0       0       0       0       0       0
Total ram usage:        6 bytes
 Hardware stack levels used:    1
 Hardware stack levels required when called:   12
 This function calls:
		_LCDGoto
		_LCDWriteStr
		___awdiv
		___awmod
 This function is called by:
		_show_debug
 This function uses a non-reentrant model


 *************** function ___awmod *****************
 Defined at:
		line 8 in file "C:\Program Files (x86)\Microchip\xc8\v1.42\sources\common\awmod.c"
 Parameters:    Size  Location     Type
  dividend        2   37[COMRAM] int 
  divisor         2   39[COMRAM] int 
 Auto vars:     Size  Location     Type
  sign            1   42[COMRAM] unsigned char 
  counter         1   41[COMRAM] unsigned char 
 Return value:  Size  Location     Type
                  2   37[COMRAM] int 
 Registers used:
		wreg, status,2, status,0
 Tracked objects:
		On entry : 
		On exit  : 
		Unchanged: 
 Data sizes:     COMRAM   BANK0   BANK1   BANK2   BANK3   BANK4   BANK5   BANK6   BANK7   BANK8   BANK9  BANK10  BANK11  BANK12  BANK13  BANK14  BANK15
      Params:         4       0       0       0       0       0       0       0       0       0       0       0       0       0       0       0       0
      Locals:         2       0       0       0       0       0       0       0       0       0       0       0       0       0       0       0       0
      Temps:          0       0       0       0       0       0       0       0       0       0       0       0       0       0       0       0       0
      Totals:         6       0       0       0       0       0       0       0       0       0       0       0       0       0       0       0       0
Total ram usage:        6 bytes
 Hardware stack levels used:    1
 Hardware stack levels required when called:    8
 This function calls:
		Nothing
 This function is called by:
		_LCDWriteInt
		_LCDPutByte
 This function uses a non-reentrant model


 *************** function ___awdiv *****************
 Defined at:
		line 8 in file "C:\Program Files (x86)\Microchip\xc8\v1.42\sources\common\awdiv.c"
 Parameters:    Size  Location     Type
  dividend        2   37[COMRAM] int 
  divisor         2   39[COMRAM] int 
 Auto vars:     Size  Location     Type
  quotient        2   43[COMRAM] int 
  sign            1   42[COMRAM] unsigned char 
  counter         1   41[COMRAM] unsigned char 
 Return value:  Size  Location     Type
                  2   37[COMRAM] int 
 Registers used:
		wreg, status,2, status,0
 Tracked objects:
		On entry : 
		On exit  : 
		Unchanged: 
 Data sizes:     COMRAM   BANK0   BANK1   BANK2   BANK3   BANK4   BANK5   BANK6   BANK7   BANK8   BANK9  BANK10  BANK11  BANK12  BANK13  BANK14  BANK15
      Params:         4       0       0       0       0       0       0       0       0       0       0       0       0       0       0       0       0
      Locals:         4       0       0       0       0       0       0       0       0       0       0       0       0       0       0       0       0
      Temps:          0       0       0       0       0       0       0       0       0       0       0       0       0       0       0       0       0
      Totals:         8       0       0       0       0       0       0       0       0       0       0       0       0       0       0       0       0
Total ram usage:        8 bytes
 Hardware stack levels used:    1
 Hardware stack levels required when called:    8
 This function calls:
		Nothing
 This function is called by:
		_LCDWriteInt
		_LCDPutByte
 This function uses a non-reentrant model


 *************** function _LCDWriteStr *****************
 Defined at:
		line 193 in file "lcd.c"
 Parameters:    Size  Location     Type
  string          2   43[COMRAM] PTR const unsigned char 
		 -> LCDWriteInt@string(3), LCDWriteFloat@string(5), LCDWriteHexa@string(3), STR_1(11), 
 Auto vars:     Size  Location     Type
  i               1   47[COMRAM] unsigned char 
 Return value:  Size  Location     Type
                  1    wreg      void 
 Registers used:
		wreg, fsr0l, fsr0h, status,2, status,0, tblptrl, tblptrh, tblptru, prodl, prodh, cstack
 Tracked objects:
		On entry : 
		On exit  : 
		Unchanged: 
 Data sizes:     COMRAM   BANK0   BANK1   BANK2   BANK3   BANK4   BANK5   BANK6   BANK7   BANK8   BANK9  BANK10  BANK11  BANK12  BANK13  BANK14  BANK15
      Params:         2       0       0       0       0       0       0       0       0       0       0       0       0       0       0       0       0
      Locals:         1       0       0       0       0       0       0       0       0       0       0       0       0       0       0       0       0
      Temps:          2       0       0       0       0       0       0       0       0       0       0       0       0       0       0       0       0
      Totals:         5       0       0       0       0       0       0       0       0       0       0       0       0       0       0       0       0
Total ram usage:        5 bytes
 Hardware stack levels used:    1
 Hardware stack levels required when called:   11
 This function calls:
		_LCDPutChar
 This function is called by:
		_init_debug
		_LCDWriteInt
		_LCDWriteHexa
		_LCDWriteFloat
 This function uses a non-reentrant model


 *************** function _LCDPutChar *****************
 Defined at:
		line 180 in file "lcd.c"
 Parameters:    Size  Location     Type
  data            1    wreg     unsigned char 
 Auto vars:     Size  Location     Type
  data            1   42[COMRAM] unsigned char 
 Return value:  Size  Location     Type
                  1    wreg      void 
 Registers used:
		wreg, status,2, status,0, cstack
 Tracked objects:
		On entry : 
		On exit  : 
		Unchanged: 
 Data sizes:     COMRAM   BANK0   BANK1   BANK2   BANK3   BANK4   BANK5   BANK6   BANK7   BANK8   BANK9  BANK10  BANK11  BANK12  BANK13  BANK14  BANK15
      Params:         0       0       0       0       0       0       0       0       0       0       0       0       0       0       0       0       0
      Locals:         1       0       0       0       0       0       0       0       0       0       0       0       0       0       0       0       0
      Temps:          0       0       0       0       0       0       0       0       0       0       0       0       0       0       0       0       0
      Totals:         1       0       0       0       0       0       0       0       0       0       0       0       0       0       0       0       0
Total ram usage:        1 bytes
 Hardware stack levels used:    1
 Hardware stack levels required when called:   10
 This function calls:
		_WaitLCD
		_WriteByte
 This function is called by:
		_LCDWriteStr
		_LCDPutByte
 This function uses a non-reentrant model


 *************** function _LCDGoto *****************
 Defined at:
		line 171 in file "lcd.c"
 Parameters:    Size  Location     Type
  column          1    wreg     unsigned char 
  row             1   42[COMRAM] unsigned char 
 Auto vars:     Size  Location     Type
  column          1   47[COMRAM] unsigned char 
 Return value:  Size  Location     Type
                  1    wreg      void 
 Registers used:
		wreg, status,2, status,0, cstack
 Tracked objects:
		On entry : 
		On exit  : 
		Unchanged: 
 Data sizes:     COMRAM   BANK0   BANK1   BANK2   BANK3   BANK4   BANK5   BANK6   BANK7   BANK8   BANK9  BANK10  BANK11  BANK12  BANK13  BANK14  BANK15
      Params:         1       0       0       0       0       0       0       0       0       0       0       0       0       0       0       0       0
      Locals:         3       0       0       0       0       0       0       0       0       0       0       0       0       0       0       0       0
      Temps:          2       0       0       0       0       0       0       0       0       0       0       0       0       0       0       0       0
      Totals:         6       0       0       0       0       0       0       0       0       0       0       0       0       0       0       0       0
Total ram usage:        6 bytes
 Hardware stack levels used:    1
 Hardware stack levels required when called:   10
 This function calls:
		_WaitLCD
		_WriteByte
 This function is called by:
		_init_debug
		_LCDWriteInt
		_LCDWriteHexa
		_LCDWriteFloat
 This function uses a non-reentrant model


 *************** function _LCDInit *****************
 Defined at:
		line 89 in file "lcd.c"
 Parameters:    Size  Location     Type
		None
 Auto vars:     Size  Location     Type
		None
 Return value:  Size  Location     Type
                  1    wreg      void 
 Registers used:
		wreg, status,2, status,0, cstack
 Tracked objects:
		On entry : 
		On exit  : 
		Unchanged: 
 Data sizes:     COMRAM   BANK0   BANK1   BANK2   BANK3   BANK4   BANK5   BANK6   BANK7   BANK8   BANK9  BANK10  BANK11  BANK12  BANK13  BANK14  BANK15
      Params:         0       0       0       0       0       0       0       0       0       0       0       0       0       0       0       0       0
      Locals:         0       0       0       0       0       0       0       0       0       0       0       0       0       0       0       0       0
      Temps:          1       0       0       0       0       0       0       0       0       0       0       0       0       0       0       0       0
      Totals:         1       0       0       0       0       0       0       0       0       0       0       0       0       0       0       0       0
Total ram usage:        1 bytes
 Hardware stack levels used:    1
 Hardware stack levels required when called:   10
 This function calls:
		_WaitLCD
		_WriteNibble
 This function is called by:
		_init_debug
 This function uses a non-reentrant model


 *************** function _LCDClear *****************
 Defined at:
		line 164 in file "lcd.c"
 Parameters:    Size  Location     Type
		None
 Auto vars:     Size  Location     Type
		None
 Return value:  Size  Location     Type
                  1    wreg      void 
 Registers used:
		wreg, status,2, status,0, cstack
 Tracked objects:
		On entry : 
		On exit  : 
		Unchanged: 
 Data sizes:     COMRAM   BANK0   BANK1   BANK2   BANK3   BANK4   BANK5   BANK6   BANK7   BANK8   BANK9  BANK10  BANK11  BANK12  BANK13  BANK14  BANK15
      Params:         0       0       0       0       0       0       0       0       0       0       0       0       0       0       0       0       0
      Locals:         0       0       0       0       0       0       0       0       0       0       0       0       0       0       0       0       0
      Temps:          1       0       0       0       0       0       0       0       0       0       0       0       0       0       0       0       0
      Totals:         1       0       0       0       0       0       0       0       0       0       0       0       0       0       0       0       0
Total ram usage:        1 bytes
 Hardware stack levels used:    1
 Hardware stack levels required when called:   10
 This function calls:
		_WaitLCD
		_WriteByte
 This function is called by:
		_init_debug
 This function uses a non-reentrant model


 *************** function _WriteByte *****************
 Defined at:
		line 83 in file "lcd.c"
 Parameters:    Size  Location     Type
  cmd             1    wreg     unsigned char 
  data            1   40[COMRAM] unsigned char 
 Auto vars:     Size  Location     Type
  cmd             1   41[COMRAM] unsigned char 
 Return value:  Size  Location     Type
                  1    wreg      void 
 Registers used:
		wreg, status,2, status,0, cstack
 Tracked objects:
		On entry : 
		On exit  : 
		Unchanged: 
 Data sizes:     COMRAM   BANK0   BANK1   BANK2   BANK3   BANK4   BANK5   BANK6   BANK7   BANK8   BANK9  BANK10  BANK11  BANK12  BANK13  BANK14  BANK15
      Params:         1       0       0       0       0       0       0       0       0       0       0       0       0       0       0       0       0
      Locals:         1       0       0       0       0       0       0       0       0       0       0       0       0       0       0       0       0
      Temps:          0       0       0       0       0       0       0       0       0       0       0       0       0       0       0       0       0
      Totals:         2       0       0       0       0       0       0       0       0       0       0       0       0       0       0       0       0
Total ram usage:        2 bytes
 Hardware stack levels used:    1
 Hardware stack levels required when called:    9
 This function calls:
		_WriteNibble
 This function is called by:
		_LCDClear
		_LCDGoto
		_LCDPutChar
		_LCDShiftDisplay
 This function uses a non-reentrant model


 *************** function _WriteNibble *****************
 Defined at:
		line 66 in file "lcd.c"
 Parameters:    Size  Location     Type
  cmd             1    wreg     unsigned char 
  data            1   37[COMRAM] unsigned char 
 Auto vars:     Size  Location     Type
  cmd             1   39[COMRAM] unsigned char 
 Return value:  Size  Location     Type
                  1    wreg      void 
 Registers used:
		wreg, status,2, status,0
 Tracked objects:
		On entry : 
		On exit  : 
		Unchanged: 
 Data sizes:     COMRAM   BANK0   BANK1   BANK2   BANK3   BANK4   BANK5   BANK6   BANK7   BANK8   BANK9  BANK10  BANK11  BANK12  BANK13  BANK14  BANK15
      Params:         1       0       0       0       0       0       0       0       0       0       0       0       0       0       0       0       0
      Locals:         1       0       0       0       0       0       0       0       0       0       0       0       0       0       0       0       0
      Temps:          1       0       0       0       0       0       0       0       0       0       0       0       0       0       0       0       0
      Totals:         3       0       0       0       0       0       0       0       0       0       0       0       0       0       0       0       0
Total ram usage:        3 bytes
 Hardware stack levels used:    1
 Hardware stack levels required when called:    8
 This function calls:
		Nothing
 This function is called by:
		_WriteByte
		_LCDInit
 This function uses a non-reentrant model


 *************** function _WaitLCD *****************
 Defined at:
		line 52 in file "lcd.c"
 Parameters:    Size  Location     Type
		None
 Auto vars:     Size  Location     Type
  status          1   38[COMRAM] unsigned char 
 Return value:  Size  Location     Type
                  1    wreg      void 
 Registers used:
		wreg, status,2, status,0, cstack
 Tracked objects:
		On entry : 
		On exit  : 
		Unchanged: 
 Data sizes:     COMRAM   BANK0   BANK1   BANK2   BANK3   BANK4   BANK5   BANK6   BANK7   BANK8   BANK9  BANK10  BANK11  BANK12  BANK13  BANK14  BANK15
      Params:         0       0       0       0       0       0       0       0       0       0       0       0       0       0       0       0       0
      Locals:         1       0       0       0       0       0       0       0       0       0       0       0       0       0       0       0       0
      Temps:          0       0       0       0       0       0       0       0       0       0       0       0       0       0       0       0       0
      Totals:         1       0       0       0       0       0       0       0       0       0       0       0       0       0       0       0       0
Total ram usage:        1 bytes
 Hardware stack levels used:    1
 Hardware stack levels required when called:    9
 This function calls:
		_ReadByte
 This function is called by:
		_LCDInit
		_LCDClear
		_LCDGoto
		_LCDPutChar
 This function uses a non-reentrant model


 *************** function _ReadByte *****************
 Defined at:
		line 21 in file "lcd.c"
 Parameters:    Size  Location     Type
		None
 Auto vars:     Size  Location     Type
  status          1   37[COMRAM] unsigned char 
 Return value:  Size  Location     Type
                  1    wreg      unsigned char 
 Registers used:
		wreg, status,2, status,0
 Tracked objects:
		On entry : 
		On exit  : 
		Unchanged: 
 Data sizes:     COMRAM   BANK0   BANK1   BANK2   BANK3   BANK4   BANK5   BANK6   BANK7   BANK8   BANK9  BANK10  BANK11  BANK12  BANK13  BANK14  BANK15
      Params:         0       0       0       0       0       0       0       0       0       0       0       0       0       0       0       0       0
      Locals:         1       0       0       0       0       0       0       0       0       0       0       0       0       0       0       0       0
      Temps:          0       0       0       0       0       0       0       0       0       0       0       0       0       0       0       0       0
      Totals:         1       0       0       0       0       0       0       0       0       0       0       0       0       0       0       0       0
Total ram usage:        1 bytes
 Hardware stack levels used:    1
 Hardware stack levels required when called:    8
 This function calls:
		Nothing
 This function is called by:
		_WaitLCD
 This function uses a non-reentrant model


 *************** function _ISR *****************
 Defined at:
		line 215 in file "main.c"
 Parameters:    Size  Location     Type
		None
 Auto vars:     Size  Location     Type
  i               2   35[COMRAM] int 
 Return value:  Size  Location     Type
                  1    wreg      void 
 Registers used:
		wreg, fsr0l, fsr0h, fsr2l, fsr2h, status,2, status,0, tblptrl, tblptrh, tblptru, prodl, prodh, cstack
 Tracked objects:
		On entry : 
		On exit  : 
		Unchanged: 
 Data sizes:     COMRAM   BANK0   BANK1   BANK2   BANK3   BANK4   BANK5   BANK6   BANK7   BANK8   BANK9  BANK10  BANK11  BANK12  BANK13  BANK14  BANK15
      Params:         0       0       0       0       0       0       0       0       0       0       0       0       0       0       0       0       0
      Locals:         2       0       0       0       0       0       0       0       0       0       0       0       0       0       0       0       0
      Temps:         15       0       0       0       0       0       0       0       0       0       0       0       0       0       0       0       0
      Totals:        17       0       0       0       0       0       0       0       0       0       0       0       0       0       0       0       0
Total ram usage:       17 bytes
 Hardware stack levels used:    1
 Hardware stack levels required when called:    7
 This function calls:
		_flashlight
		_pedometer
		_searched
		_synchronize
 This function is called by:
		Interrupt level 2
 This function uses a non-reentrant model


 *************** function _synchronize *****************
 Defined at:
		line 208 in file "main.c"
 Parameters:    Size  Location     Type
		None
 Auto vars:     Size  Location     Type
		None
 Return value:  Size  Location     Type
                  1    wreg      void 
 Registers used:
		wreg, status,2
 Tracked objects:
		On entry : 
		On exit  : 
		Unchanged: 
 Data sizes:     COMRAM   BANK0   BANK1   BANK2   BANK3   BANK4   BANK5   BANK6   BANK7   BANK8   BANK9  BANK10  BANK11  BANK12  BANK13  BANK14  BANK15
      Params:         0       0       0       0       0       0       0       0       0       0       0       0       0       0       0       0       0
      Locals:         0       0       0       0       0       0       0       0       0       0       0       0       0       0       0       0       0
      Temps:          0       0       0       0       0       0       0       0       0       0       0       0       0       0       0       0       0
      Totals:         0       0       0       0       0       0       0       0       0       0       0       0       0       0       0       0       0
Total ram usage:        0 bytes
 Hardware stack levels used:    1
 This function calls:
		Nothing
 This function is called by:
		_ISR
 This function uses a non-reentrant model


 *************** function _searched *****************
 Defined at:
		line 182 in file "main.c"
 Parameters:    Size  Location     Type
		None
 Auto vars:     Size  Location     Type
  i               2   18[COMRAM] int 
  time            2   16[COMRAM] int 
 Return value:  Size  Location     Type
                  1    wreg      void 
 Registers used:
		wreg, fsr2l, fsr2h, status,2, status,0, cstack
 Tracked objects:
		On entry : 
		On exit  : 
		Unchanged: 
 Data sizes:     COMRAM   BANK0   BANK1   BANK2   BANK3   BANK4   BANK5   BANK6   BANK7   BANK8   BANK9  BANK10  BANK11  BANK12  BANK13  BANK14  BANK15
      Params:         0       0       0       0       0       0       0       0       0       0       0       0       0       0       0       0       0
      Locals:         4       0       0       0       0       0       0       0       0       0       0       0       0       0       0       0       0
      Temps:          2       0       0       0       0       0       0       0       0       0       0       0       0       0       0       0       0
      Totals:         6       0       0       0       0       0       0       0       0       0       0       0       0       0       0       0       0
Total ram usage:        6 bytes
 Hardware stack levels used:    1
 Hardware stack levels required when called:    1
 This function calls:
		_flashlight
		i2___awdiv
		i2___awmod
 This function is called by:
		_ISR
 This function uses a non-reentrant model


 *************** function _flashlight *****************
 Defined at:
		line 156 in file "main.c"
 Parameters:    Size  Location     Type
		None
 Auto vars:     Size  Location     Type
		None
 Return value:  Size  Location     Type
                  1    wreg      void 
 Registers used:
		wreg, status,2, status,0
 Tracked objects:
		On entry : 
		On exit  : 
		Unchanged: 
 Data sizes:     COMRAM   BANK0   BANK1   BANK2   BANK3   BANK4   BANK5   BANK6   BANK7   BANK8   BANK9  BANK10  BANK11  BANK12  BANK13  BANK14  BANK15
      Params:         0       0       0       0       0       0       0       0       0       0       0       0       0       0       0       0       0
      Locals:         0       0       0       0       0       0       0       0       0       0       0       0       0       0       0       0       0
      Temps:          1       0       0       0       0       0       0       0       0       0       0       0       0       0       0       0       0
      Totals:         1       0       0       0       0       0       0       0       0       0       0       0       0       0       0       0       0
Total ram usage:        1 bytes
 Hardware stack levels used:    1
 This function calls:
		Nothing
 This function is called by:
		_searched
		_ISR
 This function uses a non-reentrant model


 *************** function _pedometer *****************
 Defined at:
		line 145 in file "main.c"
 Parameters:    Size  Location     Type
		None
 Auto vars:     Size  Location     Type
		None
 Return value:  Size  Location     Type
                  1    wreg      void 
 Registers used:
		wreg, fsr0l, fsr0h, status,2, status,0, tblptrl, tblptrh, tblptru, prodl, prodh, cstack
 Tracked objects:
		On entry : 
		On exit  : 
		Unchanged: 
 Data sizes:     COMRAM   BANK0   BANK1   BANK2   BANK3   BANK4   BANK5   BANK6   BANK7   BANK8   BANK9  BANK10  BANK11  BANK12  BANK13  BANK14  BANK15
      Params:         0       0       0       0       0       0       0       0       0       0       0       0       0       0       0       0       0
      Locals:         0       0       0       0       0       0       0       0       0       0       0       0       0       0       0       0       0
      Temps:          0       0       0       0       0       0       0       0       0       0       0       0       0       0       0       0       0
      Totals:         0       0       0       0       0       0       0       0       0       0       0       0       0       0       0       0       0
Total ram usage:        0 bytes
 Hardware stack levels used:    1
 Hardware stack levels required when called:    6
 This function calls:
		i2_show_debug
 This function is called by:
		_ISR
 This function uses a non-reentrant model


 *************** function i2_show_debug *****************
 Defined at:
		line 75 in file "main.c"
 Parameters:    Size  Location     Type
		None
 Auto vars:     Size  Location     Type
		None
 Return value:  Size  Location     Type
                  1    wreg      void 
 Registers used:
		wreg, fsr0l, fsr0h, status,2, status,0, tblptrl, tblptrh, tblptru, prodl, prodh, cstack
 Tracked objects:
		On entry : 
		On exit  : 
		Unchanged: 
 Data sizes:     COMRAM   BANK0   BANK1   BANK2   BANK3   BANK4   BANK5   BANK6   BANK7   BANK8   BANK9  BANK10  BANK11  BANK12  BANK13  BANK14  BANK15
      Params:         0       0       0       0       0       0       0       0       0       0       0       0       0       0       0       0       0
      Locals:         0       0       0       0       0       0       0       0       0       0       0       0       0       0       0       0       0
      Temps:          0       0       0       0       0       0       0       0       0       0       0       0       0       0       0       0       0
      Totals:         0       0       0       0       0       0       0       0       0       0       0       0       0       0       0       0       0
Total ram usage:        0 bytes
 Hardware stack levels used:    1
 Hardware stack levels required when called:    5
 This function calls:
		i2_LCDWriteInt
 This function is called by:
		_pedometer
 This function uses a non-reentrant model


 *************** function i2_LCDWriteInt *****************
 Defined at:
		line 229 in file "lcd.c"
 Parameters:    Size  Location     Type
  column          1    wreg     unsigned char 
  row             1   14[COMRAM] unsigned char 
  value           1   15[COMRAM] unsigned char 
 Auto vars:     Size  Location     Type
  column          1   19[COMRAM] unsigned char 
  LCDWriteInt     3   16[COMRAM] unsigned char [3]
 Return value:  Size  Location     Type
                  1    wreg      void 
 Registers used:
		wreg, fsr0l, fsr0h, status,2, status,0, tblptrl, tblptrh, tblptru, prodl, prodh, cstack
 Tracked objects:
		On entry : 
		On exit  : 
		Unchanged: 
 Data sizes:     COMRAM   BANK0   BANK1   BANK2   BANK3   BANK4   BANK5   BANK6   BANK7   BANK8   BANK9  BANK10  BANK11  BANK12  BANK13  BANK14  BANK15
      Params:         2       0       0       0       0       0       0       0       0       0       0       0       0       0       0       0       0
      Locals:         4       0       0       0       0       0       0       0       0       0       0       0       0       0       0       0       0
      Temps:          0       0       0       0       0       0       0       0       0       0       0       0       0       0       0       0       0
      Totals:         6       0       0       0       0       0       0       0       0       0       0       0       0       0       0       0       0
Total ram usage:        6 bytes
 Hardware stack levels used:    1
 Hardware stack levels required when called:    4
 This function calls:
		i2_LCDGoto
		i2_LCDWriteStr
		i2___awdiv
		i2___awmod
 This function is called by:
		i2_show_debug
 This function uses a non-reentrant model


 *************** function i2___awmod *****************
 Defined at:
		line 8 in file "C:\Program Files (x86)\Microchip\xc8\v1.42\sources\common\awmod.c"
 Parameters:    Size  Location     Type
  dividend        2    0[COMRAM] int 
  divisor         2    2[COMRAM] int 
 Auto vars:     Size  Location     Type
  __awmod         1    5[COMRAM] unsigned char 
  __awmod         1    4[COMRAM] unsigned char 
 Return value:  Size  Location     Type
                  2    0[COMRAM] int 
 Registers used:
		wreg, status,2, status,0
 Tracked objects:
		On entry : 
		On exit  : 
		Unchanged: 
 Data sizes:     COMRAM   BANK0   BANK1   BANK2   BANK3   BANK4   BANK5   BANK6   BANK7   BANK8   BANK9  BANK10  BANK11  BANK12  BANK13  BANK14  BANK15
      Params:         4       0       0       0       0       0       0       0       0       0       0       0       0       0       0       0       0
      Locals:         2       0       0       0       0       0       0       0       0       0       0       0       0       0       0       0       0
      Temps:          0       0       0       0       0       0       0       0       0       0       0       0       0       0       0       0       0
      Totals:         6       0       0       0       0       0       0       0       0       0       0       0       0       0       0       0       0
Total ram usage:        6 bytes
 Hardware stack levels used:    1
 This function calls:
		Nothing
 This function is called by:
		_searched
		i2_LCDWriteInt
 This function uses a non-reentrant model


 *************** function i2___awdiv *****************
 Defined at:
		line 8 in file "C:\Program Files (x86)\Microchip\xc8\v1.42\sources\common\awdiv.c"
 Parameters:    Size  Location     Type
  dividend        2    6[COMRAM] int 
  divisor         2    8[COMRAM] int 
 Auto vars:     Size  Location     Type
  __awdiv         2   12[COMRAM] int 
  __awdiv         1   11[COMRAM] unsigned char 
  __awdiv         1   10[COMRAM] unsigned char 
 Return value:  Size  Location     Type
                  2    6[COMRAM] int 
 Registers used:
		wreg, status,2, status,0
 Tracked objects:
		On entry : 
		On exit  : 
		Unchanged: 
 Data sizes:     COMRAM   BANK0   BANK1   BANK2   BANK3   BANK4   BANK5   BANK6   BANK7   BANK8   BANK9  BANK10  BANK11  BANK12  BANK13  BANK14  BANK15
      Params:         4       0       0       0       0       0       0       0       0       0       0       0       0       0       0       0       0
      Locals:         4       0       0       0       0       0       0       0       0       0       0       0       0       0       0       0       0
      Temps:          0       0       0       0       0       0       0       0       0       0       0       0       0       0       0       0       0
      Totals:         8       0       0       0       0       0       0       0       0       0       0       0       0       0       0       0       0
Total ram usage:        8 bytes
 Hardware stack levels used:    1
 This function calls:
		Nothing
 This function is called by:
		_searched
		i2_LCDWriteInt
 This function uses a non-reentrant model


 *************** function i2_LCDWriteStr *****************
 Defined at:
		line 193 in file "lcd.c"
 Parameters:    Size  Location     Type
  string          2    6[COMRAM] PTR const unsigned char 
		 -> LCDWriteInt@string(3), LCDWriteFloat@string(5), LCDWriteHexa@string(3), STR_1(11), 
 Auto vars:     Size  Location     Type
  LCDWriteStr     1   10[COMRAM] unsigned char 
 Return value:  Size  Location     Type
                  1    wreg      void 
 Registers used:
		wreg, fsr0l, fsr0h, status,2, status,0, tblptrl, tblptrh, tblptru, prodl, prodh, cstack
 Tracked objects:
		On entry : 
		On exit  : 
		Unchanged: 
 Data sizes:     COMRAM   BANK0   BANK1   BANK2   BANK3   BANK4   BANK5   BANK6   BANK7   BANK8   BANK9  BANK10  BANK11  BANK12  BANK13  BANK14  BANK15
      Params:         2       0       0       0       0       0       0       0       0       0       0       0       0       0       0       0       0
      Locals:         1       0       0       0       0       0       0       0       0       0       0       0       0       0       0       0       0
      Temps:          2       0       0       0       0       0       0       0       0       0       0       0       0       0       0       0       0
      Totals:         5       0       0       0       0       0       0       0       0       0       0       0       0       0       0       0       0
Total ram usage:        5 bytes
 Hardware stack levels used:    1
 Hardware stack levels required when called:    3
 This function calls:
		i2_LCDPutChar
 This function is called by:
		i2_LCDWriteInt
 This function uses a non-reentrant model


 *************** function i2_LCDPutChar *****************
 Defined at:
		line 180 in file "lcd.c"
 Parameters:    Size  Location     Type
  data            1    wreg     unsigned char 
 Auto vars:     Size  Location     Type
  data            1    5[COMRAM] unsigned char 
 Return value:  Size  Location     Type
                  1    wreg      void 
 Registers used:
		wreg, status,2, status,0, cstack
 Tracked objects:
		On entry : 
		On exit  : 
		Unchanged: 
 Data sizes:     COMRAM   BANK0   BANK1   BANK2   BANK3   BANK4   BANK5   BANK6   BANK7   BANK8   BANK9  BANK10  BANK11  BANK12  BANK13  BANK14  BANK15
      Params:         0       0       0       0       0       0       0       0       0       0       0       0       0       0       0       0       0
      Locals:         1       0       0       0       0       0       0       0       0       0       0       0       0       0       0       0       0
      Temps:          0       0       0       0       0       0       0       0       0       0       0       0       0       0       0       0       0
      Totals:         1       0       0       0       0       0       0       0       0       0       0       0       0       0       0       0       0
Total ram usage:        1 bytes
 Hardware stack levels used:    1
 Hardware stack levels required when called:    2
 This function calls:
		i2_WaitLCD
		i2_WriteByte
 This function is called by:
		i2_LCDWriteStr
 This function uses a non-reentrant model


 *************** function i2_LCDGoto *****************
 Defined at:
		line 171 in file "lcd.c"
 Parameters:    Size  Location     Type
  column          1    wreg     unsigned char 
  row             1    5[COMRAM] unsigned char 
 Auto vars:     Size  Location     Type
  column          1   10[COMRAM] unsigned char 
 Return value:  Size  Location     Type
                  1    wreg      void 
 Registers used:
		wreg, status,2, status,0, cstack
 Tracked objects:
		On entry : 
		On exit  : 
		Unchanged: 
 Data sizes:     COMRAM   BANK0   BANK1   BANK2   BANK3   BANK4   BANK5   BANK6   BANK7   BANK8   BANK9  BANK10  BANK11  BANK12  BANK13  BANK14  BANK15
      Params:         1       0       0       0       0       0       0       0       0       0       0       0       0       0       0       0       0
      Locals:         3       0       0       0       0       0       0       0       0       0       0       0       0       0       0       0       0
      Temps:          2       0       0       0       0       0       0       0       0       0       0       0       0       0       0       0       0
      Totals:         6       0       0       0       0       0       0       0       0       0       0       0       0       0       0       0       0
Total ram usage:        6 bytes
 Hardware stack levels used:    1
 Hardware stack levels required when called:    2
 This function calls:
		i2_WaitLCD
		i2_WriteByte
 This function is called by:
		i2_LCDWriteInt
 This function uses a non-reentrant model


 *************** function i2_WriteByte *****************
 Defined at:
		line 83 in file "lcd.c"
 Parameters:    Size  Location     Type
  cmd             1    wreg     unsigned char 
  data            1    3[COMRAM] unsigned char 
 Auto vars:     Size  Location     Type
  cmd             1    4[COMRAM] unsigned char 
 Return value:  Size  Location     Type
                  1    wreg      void 
 Registers used:
		wreg, status,2, status,0, cstack
 Tracked objects:
		On entry : 
		On exit  : 
		Unchanged: 
 Data sizes:     COMRAM   BANK0   BANK1   BANK2   BANK3   BANK4   BANK5   BANK6   BANK7   BANK8   BANK9  BANK10  BANK11  BANK12  BANK13  BANK14  BANK15
      Params:         1       0       0       0       0       0       0       0       0       0       0       0       0       0       0       0       0
      Locals:         1       0       0       0       0       0       0       0       0       0       0       0       0       0       0       0       0
      Temps:          0       0       0       0       0       0       0       0       0       0       0       0       0       0       0       0       0
      Totals:         2       0       0       0       0       0       0       0       0       0       0       0       0       0       0       0       0
Total ram usage:        2 bytes
 Hardware stack levels used:    1
 Hardware stack levels required when called:    1
 This function calls:
		i2_WriteNibble
 This function is called by:
		i2_LCDGoto
		i2_LCDPutChar
 This function uses a non-reentrant model


 *************** function i2_WriteNibble *****************
 Defined at:
		line 66 in file "lcd.c"
 Parameters:    Size  Location     Type
  cmd             1    wreg     unsigned char 
  data            1    0[COMRAM] unsigned char 
 Auto vars:     Size  Location     Type
  cmd             1    2[COMRAM] unsigned char 
 Return value:  Size  Location     Type
                  1    wreg      void 
 Registers used:
		wreg, status,2, status,0
 Tracked objects:
		On entry : 
		On exit  : 
		Unchanged: 
 Data sizes:     COMRAM   BANK0   BANK1   BANK2   BANK3   BANK4   BANK5   BANK6   BANK7   BANK8   BANK9  BANK10  BANK11  BANK12  BANK13  BANK14  BANK15
      Params:         1       0       0       0       0       0       0       0       0       0       0       0       0       0       0       0       0
      Locals:         1       0       0       0       0       0       0       0       0       0       0       0       0       0       0       0       0
      Temps:          1       0       0       0       0       0       0       0       0       0       0       0       0       0       0       0       0
      Totals:         3       0       0       0       0       0       0       0       0       0       0       0       0       0       0       0       0
Total ram usage:        3 bytes
 Hardware stack levels used:    1
 This function calls:
		Nothing
 This function is called by:
		i2_WriteByte
 This function uses a non-reentrant model


 *************** function i2_WaitLCD *****************
 Defined at:
		line 52 in file "lcd.c"
 Parameters:    Size  Location     Type
		None
 Auto vars:     Size  Location     Type
  WaitLCD         1    1[COMRAM] unsigned char 
 Return value:  Size  Location     Type
                  1    wreg      void 
 Registers used:
		wreg, status,2, status,0, cstack
 Tracked objects:
		On entry : 
		On exit  : 
		Unchanged: 
 Data sizes:     COMRAM   BANK0   BANK1   BANK2   BANK3   BANK4   BANK5   BANK6   BANK7   BANK8   BANK9  BANK10  BANK11  BANK12  BANK13  BANK14  BANK15
      Params:         0       0       0       0       0       0       0       0       0       0       0       0       0       0       0       0       0
      Locals:         1       0       0       0       0       0       0       0       0       0       0       0       0       0       0       0       0
      Temps:          0       0       0       0       0       0       0       0       0       0       0       0       0       0       0       0       0
      Totals:         1       0       0       0       0       0       0       0       0       0       0       0       0       0       0       0       0
Total ram usage:        1 bytes
 Hardware stack levels used:    1
 Hardware stack levels required when called:    1
 This function calls:
		i2_ReadByte
 This function is called by:
		i2_LCDGoto
		i2_LCDPutChar
 This function uses a non-reentrant model


 *************** function i2_ReadByte *****************
 Defined at:
		line 21 in file "lcd.c"
 Parameters:    Size  Location     Type
		None
 Auto vars:     Size  Location     Type
  ReadByte        1    0[COMRAM] unsigned char 
 Return value:  Size  Location     Type
                  1    wreg      unsigned char 
 Registers used:
		wreg, status,2, status,0
 Tracked objects:
		On entry : 
		On exit  : 
		Unchanged: 
 Data sizes:     COMRAM   BANK0   BANK1   BANK2   BANK3   BANK4   BANK5   BANK6   BANK7   BANK8   BANK9  BANK10  BANK11  BANK12  BANK13  BANK14  BANK15
      Params:         0       0       0       0       0       0       0       0       0       0       0       0       0       0       0       0       0
      Locals:         1       0       0       0       0       0       0       0       0       0       0       0       0       0       0       0       0
      Temps:          0       0       0       0       0       0       0       0       0       0       0       0       0       0       0       0       0
      Totals:         1       0       0       0       0       0       0       0       0       0       0       0       0       0       0       0       0
Total ram usage:        1 bytes
 Hardware stack levels used:    1
 This function calls:
		Nothing
 This function is called by:
		i2_WaitLCD
 This function uses a non-reentrant model



MODULE INFORMATION

Module		Function		Class		Link	Load	Size
C:\Program Files (x86)\Microchip\xc8\v1.42\sources\common\awdiv.c
		___awdiv       		CODE           	11F4	0000	133

C:\Program Files (x86)\Microchip\xc8\v1.42\sources\common\awdiv.c estimated size: 133

shared
		i2_WaitLCD     		CODE           	1848	0000	19
		i2_show_debug  		CODE           	186A	0000	17
		i2_LCDGoto     		CODE           	16B2	0000	59
		i2___awdiv     		CODE           	1278	0000	133
		i2_ReadByte    		CODE           	174E	0000	49
		__initialization		CODE           	16EC	0000	37
		i2_LCDPutChar  		CODE           	1836	0000	19
		i2___awmod     		CODE           	146C	0000	113
		i2_WriteByte   		CODE           	17F8	0000	27
		i2_WriteNibble 		CODE           	1634	0000	69
		i2_LCDWriteInt 		CODE           	15A2	0000	79
		i2_LCDWriteStr 		CODE           	137C	0000	129

shared estimated size: 750

lcd.c
		_LCDClear      		CODE           	17A2	0000	33
		_LCDPutChar    		CODE           	1812	0000	19
		_WriteByte     		CODE           	17DE	0000	27
		_LCDWriteInt   		CODE           	154A	0000	89
		_LCDWriteStr   		CODE           	12FC	0000	129
		_LCDInit       		CODE           	110C	0000	233
		_WriteNibble   		CODE           	15F0	0000	69
		_WaitLCD       		CODE           	1824	0000	19
		_ReadByte      		CODE           	171E	0000	49
		_LCDGoto       		CODE           	1678	0000	59

lcd.c estimated size: 726

C:\Program Files (x86)\Microchip\xc8\v1.42\sources\common\awmod.c
		___awmod       		CODE           	13FC	0000	113

C:\Program Files (x86)\Microchip\xc8\v1.42\sources\common\awmod.c estimated size: 113

main.c
		_ISR           		CODE           	0008	0000	213
		_init_debug    		CODE           	177E	0000	37
		_main          		CODE           	1890	0000	7
		_pedometer     		CODE           	187A	0000	13
		_synchronize   		CODE           	1886	0000	11
		_searched      		CODE           	101E	0000	239
		_show_debug    		CODE           	185A	0000	17
		_setup         		CODE           	14DC	0000	111
		_flashlight    		CODE           	17C2	0000	29

main.c estimated size: 677

